#-----------------------------------------------------------
# Vivado v2020.2 (64-bit)
# SW Build 3064766 on Wed Nov 18 09:12:45 MST 2020
# IP Build 3064653 on Wed Nov 18 14:17:31 MST 2020
# Start of session at: Wed Mar  3 14:40:45 2021
# Process ID: 13012
# Current directory: C:/Users/Taavi/OneDrive/Dokumendid/Github/Digital-electronics-1/Labs/04-segment/display
# Command line: vivado.exe -gui_launcher_event rodinguilauncherevent8012 C:\Users\Taavi\OneDrive\Dokumendid\Github\Digital-electronics-1\Labs\04-segment\display\display.xpr
# Log file: C:/Users/Taavi/OneDrive/Dokumendid/Github/Digital-electronics-1/Labs/04-segment/display/vivado.log
# Journal file: C:/Users/Taavi/OneDrive/Dokumendid/Github/Digital-electronics-1/Labs/04-segment/display\vivado.jou
#-----------------------------------------------------------
start_gui
open_project C:/Users/Taavi/OneDrive/Dokumendid/Github/Digital-electronics-1/Labs/04-segment/display/display.xpr
update_compile_order -fileset sources_1
launch_simulation
launch_simulation
source tb_hex_7seg.tcl
close_sim
